####################################################################################################
Interval
####################################################################################################
Cumulative:         Cycles:                  20000     Instructions:                  1200
DRAM_PRECHARGE                                                386                           386

DRAM_ACTIVATE                                                 402                           402

DRAM_COLUMN                                                  2164                          2164

DRAM_AVG_LATENCY_BASE                                        2164                          2164

DRAM_AVG_LATENCY                                            80499                       37.1992

BANDWIDTH_TOT                                              138496                        138496

DRAM_CHANNEL0_BANDWIDTH_SATURATED                              28                            28

DRAM_CHANNEL1_BANDWIDTH_SATURATED                              14                            14

DRAM_CHANNEL2_BANDWIDTH_SATURATED                               0                             0

DRAM_CHANNEL3_BANDWIDTH_SATURATED                               0                             0

DRAM_CHANNEL4_BANDWIDTH_SATURATED                               0                             0

DRAM_CHANNEL5_BANDWIDTH_SATURATED                               0                             0

DRAM_CHANNEL6_BANDWIDTH_SATURATED                             109                           109

DRAM_CHANNEL7_BANDWIDTH_SATURATED                             115                           115

DRAM_CHANNEL0_DBUS_IDLE                                   6065162                       6065162

DRAM_CHANNEL1_DBUS_IDLE                                   6065386                       6065386

DRAM_CHANNEL2_DBUS_IDLE                                   6066266                       6066266

DRAM_CHANNEL3_DBUS_IDLE                                   6065242                       6065242

DRAM_CHANNEL4_DBUS_IDLE                                   6067162                       6067162

DRAM_CHANNEL5_DBUS_IDLE                                   6067786                       6067786

DRAM_CHANNEL6_DBUS_IDLE                                   6064810                       6064810

DRAM_CHANNEL7_DBUS_IDLE                                   6067098                       6067098

