Arguments: ./macsim 
src/macsim.cc:122: (I=0  C=0):  initialize knobs
number of cores : 1
src/macsim.cc:537: (I=0  C=0):  initialize simulation
src/macsim.cc:321: (I=0  C=0):  initialize cores (1/0/0)
src/exec.cc:190: (I=0  C=0):  UOP latency mapped to Sandy Bridge
src/memory.cc:1567: (I=0  C=0):  Memory system(igpu_network) has been initialized.
src/network_ring.cc:94: (I=0  C=0):  TOTAL_ROUTER:4 CPU:1 GPU:0 L3:1 LLC:1 MC:1
src/network_ring.cc:284: (I=0  C=0):  RING topology
0 <-> 1 <-> 2 <-> 3 <-> 
enabling bug detector
src/macsim.cc:750: (I=0  C=0):  Initializing new noc

src/macsim.cc:838: (I=0  C=0):  Clock LCM           : 110
src/macsim.cc:839: (I=0  C=0):  CPU clock frequency : 1.15 GHz
src/macsim.cc:840: (I=0  C=0):  GPU clock frequency : 1.15 GHz
src/macsim.cc:841: (I=0  C=0):  LLC clock frequency : 1 GHz
src/macsim.cc:842: (I=0  C=0):  NOC clock frequency : 1.15 GHz
src/macsim.cc:843: (I=0  C=0):  MC  clock frequency : 1.15 GHz
src/process_manager.cc:430: (I=0  C=0):  setup_process:0 ../tools/benchmarks/memBW/BM.txt current_index:0 (1)
trace:../tools/benchmarks/memBW/BM.txt is opened 
src/process_manager.cc:541: (I=0  C=0):  thread_count:1
** Heartbeat for core[00]:        insts:1000000     cycles:15047336   (150473350) seconds:252   -- 0.07 IPC (0.07 IPC) -- 0.00 KIPS (3.97 KIPS)
** Heartbeat for core[00]:  Thread:0      insts:1000000     cycles:15047336   (150473350) seconds:252   -- 0.07 IPC (0.07 IPC) -- 0.00 KIPS (3.97 KIPS)
** Heartbeat for core[00]:        insts:2000000     cycles:32647420   (326474190) seconds:456   -- 0.06 IPC (0.06 IPC) -- 4.90 KIPS (4.39 KIPS)
** Heartbeat for core[00]:  Thread:0      insts:2000000     cycles:32647420   (326474190) seconds:456   -- 0.06 IPC (0.06 IPC) -- 4.90 KIPS (4.39 KIPS)
** Heartbeat for core[00]:        insts:3000000     cycles:50247373   (502473720) seconds:661   -- 0.06 IPC (0.06 IPC) -- 4.88 KIPS (4.54 KIPS)
** Heartbeat for core[00]:  Thread:0      insts:3000000     cycles:50247373   (502473720) seconds:661   -- 0.06 IPC (0.06 IPC) -- 4.88 KIPS (4.54 KIPS)
** Heartbeat for core[00]:        insts:4000000     cycles:67847336   (678473350) seconds:865   -- 0.06 IPC (0.06 IPC) -- 4.90 KIPS (4.62 KIPS)
** Heartbeat for core[00]:  Thread:0      insts:4000000     cycles:67847336   (678473350) seconds:865   -- 0.06 IPC (0.06 IPC) -- 4.90 KIPS (4.62 KIPS)
** Heartbeat for core[00]:        insts:5000000     cycles:85447420   (854474190) seconds:1070  -- 0.06 IPC (0.06 IPC) -- 4.88 KIPS (4.67 KIPS)
** Heartbeat for core[00]:  Thread:0      insts:5000000     cycles:85447420   (854474190) seconds:1070  -- 0.06 IPC (0.06 IPC) -- 4.88 KIPS (4.67 KIPS)
** Heartbeat for core[00]:        insts:6000000     cycles:103047373  (1030473720) seconds:1275  -- 0.06 IPC (0.06 IPC) -- 4.88 KIPS (4.71 KIPS)
** Heartbeat for core[00]:  Thread:0      insts:6000000     cycles:103047373  (1030473720) seconds:1275  -- 0.06 IPC (0.06 IPC) -- 4.88 KIPS (4.71 KIPS)
** Heartbeat for core[00]:        insts:7000000     cycles:120647336  (1206473350) seconds:1479  -- 0.06 IPC (0.06 IPC) -- 4.90 KIPS (4.73 KIPS)
** Heartbeat for core[00]:  Thread:0      insts:7000000     cycles:120647336  (1206473350) seconds:1479  -- 0.06 IPC (0.06 IPC) -- 4.90 KIPS (4.73 KIPS)
** Heartbeat for core[00]:        insts:8000000     cycles:138247420  (1382474190) seconds:1683  -- 0.06 IPC (0.06 IPC) -- 4.90 KIPS (4.75 KIPS)
** Heartbeat for core[00]:  Thread:0      insts:8000000     cycles:138247420  (1382474190) seconds:1683  -- 0.06 IPC (0.06 IPC) -- 4.90 KIPS (4.75 KIPS)
** Heartbeat for core[00]:        insts:9000000     cycles:155847373  (1558473720) seconds:1888  -- 0.06 IPC (0.06 IPC) -- 4.88 KIPS (4.77 KIPS)
** Heartbeat for core[00]:  Thread:0      insts:9000000     cycles:155847373  (1558473720) seconds:1888  -- 0.06 IPC (0.06 IPC) -- 4.88 KIPS (4.77 KIPS)
** Heartbeat for core[00]:        insts:10000000    cycles:173447336  (1734473350) seconds:2093  -- 0.06 IPC (0.06 IPC) -- 4.88 KIPS (4.78 KIPS)
** Heartbeat for core[00]:  Thread:0      insts:10000000    cycles:173447336  (1734473350) seconds:2093  -- 0.06 IPC (0.06 IPC) -- 4.88 KIPS (4.78 KIPS)
** Heartbeat for core[00]:        insts:11000000    cycles:191047420  (1910474190) seconds:2299  -- 0.06 IPC (0.06 IPC) -- 4.85 KIPS (4.78 KIPS)
** Heartbeat for core[00]:  Thread:0      insts:11000000    cycles:191047420  (1910474190) seconds:2299  -- 0.06 IPC (0.06 IPC) -- 4.85 KIPS (4.78 KIPS)
** Heartbeat for core[00]:        insts:12000000    cycles:208647373  (2086473720) seconds:2506  -- 0.06 IPC (0.06 IPC) -- 4.83 KIPS (4.79 KIPS)
** Heartbeat for core[00]:  Thread:0      insts:12000000    cycles:208647373  (2086473720) seconds:2506  -- 0.06 IPC (0.06 IPC) -- 4.83 KIPS (4.79 KIPS)
** Heartbeat for core[00]:        insts:13000000    cycles:226247336  (2262473350) seconds:2711  -- 0.06 IPC (0.06 IPC) -- 4.88 KIPS (4.80 KIPS)
** Heartbeat for core[00]:  Thread:0      insts:13000000    cycles:226247336  (2262473350) seconds:2711  -- 0.06 IPC (0.06 IPC) -- 4.88 KIPS (4.80 KIPS)
** Heartbeat for core[00]:        insts:14000000    cycles:243847420  (2438474190) seconds:2914  -- 0.06 IPC (0.06 IPC) -- 4.93 KIPS (4.80 KIPS)
** Heartbeat for core[00]:  Thread:0      insts:14000000    cycles:243847420  (2438474190) seconds:2914  -- 0.06 IPC (0.06 IPC) -- 4.93 KIPS (4.80 KIPS)
** Heartbeat for core[00]:        insts:15000000    cycles:261447373  (2614473720) seconds:3118  -- 0.06 IPC (0.06 IPC) -- 4.90 KIPS (4.81 KIPS)
** Heartbeat for core[00]:  Thread:0      insts:15000000    cycles:261447373  (2614473720) seconds:3118  -- 0.06 IPC (0.06 IPC) -- 4.90 KIPS (4.81 KIPS)
** Heartbeat for core[00]:        insts:16000000    cycles:279047336  (2790473350) seconds:3322  -- 0.06 IPC (0.06 IPC) -- 4.90 KIPS (4.82 KIPS)
** Heartbeat for core[00]:  Thread:0      insts:16000000    cycles:279047336  (2790473350) seconds:3322  -- 0.06 IPC (0.06 IPC) -- 4.90 KIPS (4.82 KIPS)
** Heartbeat for core[00]:        insts:17000000    cycles:295908497  (2959084960) seconds:3518  -- 0.06 IPC (0.06 IPC) -- 5.10 KIPS (4.83 KIPS)
** Heartbeat for core[00]:  Thread:0      insts:17000000    cycles:295908497  (2959084960) seconds:3518  -- 0.06 IPC (0.06 IPC) -- 5.10 KIPS (4.83 KIPS)
** Heartbeat for core[00]:        insts:18000000    cycles:312411101  (3124111000) seconds:3715  -- 0.06 IPC (0.06 IPC) -- 5.08 KIPS (4.85 KIPS)
** Heartbeat for core[00]:  Thread:0      insts:18000000    cycles:312411101  (3124111000) seconds:3715  -- 0.06 IPC (0.06 IPC) -- 5.08 KIPS (4.85 KIPS)
** Heartbeat for core[00]:        insts:19000000    cycles:328913457  (3289134560) seconds:3912  -- 0.06 IPC (0.06 IPC) -- 5.08 KIPS (4.86 KIPS)
** Heartbeat for core[00]:  Thread:0      insts:19000000    cycles:328913457  (3289134560) seconds:3912  -- 0.06 IPC (0.06 IPC) -- 5.08 KIPS (4.86 KIPS)
** Heartbeat for core[00]:        insts:20000000    cycles:345412953  (3454129520) seconds:4110  -- 0.06 IPC (0.06 IPC) -- 5.05 KIPS (4.87 KIPS)
** Heartbeat for core[00]:  Thread:0      insts:20000000    cycles:345412953  (3454129520) seconds:4110  -- 0.06 IPC (0.06 IPC) -- 5.05 KIPS (4.87 KIPS)
** Heartbeat for core[00]:        insts:21000000    cycles:361914992  (3619149910) seconds:4310  -- 0.06 IPC (0.06 IPC) -- 5.00 KIPS (4.87 KIPS)
** Heartbeat for core[00]:  Thread:0      insts:21000000    cycles:361914992  (3619149910) seconds:4310  -- 0.06 IPC (0.06 IPC) -- 5.00 KIPS (4.87 KIPS)
** Heartbeat for core[00]:        insts:22000000    cycles:378417032  (3784170310) seconds:4506  -- 0.06 IPC (0.06 IPC) -- 5.10 KIPS (4.88 KIPS)
** Heartbeat for core[00]:  Thread:0      insts:22000000    cycles:378417032  (3784170310) seconds:4506  -- 0.06 IPC (0.06 IPC) -- 5.10 KIPS (4.88 KIPS)
** Heartbeat for core[00]:        insts:23000000    cycles:394919070  (3949190690) seconds:4702  -- 0.06 IPC (0.06 IPC) -- 5.10 KIPS (4.89 KIPS)
** Heartbeat for core[00]:  Thread:0      insts:23000000    cycles:394919070  (3949190690) seconds:4702  -- 0.06 IPC (0.06 IPC) -- 5.10 KIPS (4.89 KIPS)
** Heartbeat for core[00]:        insts:24000000    cycles:411421104  (4114211030) seconds:4899  -- 0.06 IPC (0.06 IPC) -- 5.08 KIPS (4.90 KIPS)
** Heartbeat for core[00]:  Thread:0      insts:24000000    cycles:411421104  (4114211030) seconds:4899  -- 0.06 IPC (0.06 IPC) -- 5.08 KIPS (4.90 KIPS)
** Heartbeat for core[00]:        insts:25000000    cycles:427923144  (4279231430) seconds:5097  -- 0.06 IPC (0.06 IPC) -- 5.05 KIPS (4.90 KIPS)
** Heartbeat for core[00]:  Thread:0      insts:25000000    cycles:427923144  (4279231430) seconds:5097  -- 0.06 IPC (0.06 IPC) -- 5.05 KIPS (4.90 KIPS)
** Heartbeat for core[00]:        insts:26000000    cycles:444425182  (4444251810) seconds:5295  -- 0.06 IPC (0.06 IPC) -- 5.05 KIPS (4.91 KIPS)
** Heartbeat for core[00]:  Thread:0      insts:26000000    cycles:444425182  (4444251810) seconds:5295  -- 0.06 IPC (0.06 IPC) -- 5.05 KIPS (4.91 KIPS)
** Heartbeat for core[00]:        insts:27000000    cycles:460926987  (4609269860) seconds:5509  -- 0.06 IPC (0.06 IPC) -- 4.67 KIPS (4.90 KIPS)
** Heartbeat for core[00]:  Thread:0      insts:27000000    cycles:460926987  (4609269860) seconds:5509  -- 0.06 IPC (0.06 IPC) -- 4.67 KIPS (4.90 KIPS)
**Core 00 Thread 00 Finished:   insts:27881896    cycles:475418006  (4754180050)  seconds:5716  -- 0.06 IPC (0.06 IPC) --  N/A  KHz (4.88 KHz) 
src/retire.cc:563: (I=27881895  C=4754180050):  ----- application 0 terminated (../tools/benchmarks/memBW/BM.txt,0) at 4754180050
**Core 00 Core_Total  Finished:   insts:27881896    cycles:475418006  (4754180050) seconds:5716  -- 0.06 IPC (0.06 IPC) --  N/A  KHz (4.88 KHz)
src/macsim.cc:620: (I=27881896  C=4754180051):  finalize simulation
src/macsim.cc:624: (I=27881896  C=4754180051):  elapsed time:5715.5 seconds
Done
